// Jest Snapshot v1, https://goo.gl/fbAQLP

exports[`renders SearchForUsers component correctly 1`] = `null`;

exports[`renders SearchForUsers component error state correctly 1`] = `null`;

exports[`renders SearchForUsers component loading state correctly 1`] = `null`;
